[provebench] machine macbook-air-m4-16gb, reps 7, load 10.21 30.48 41.32
[provebench] poseidon_chain / noir-ultrahonk ...
[provebench]   witness 631.67 ms, prove 4035.25 ms (p90 4306.63), verify 63.27 ms, proof 16256 B  [37873 ms]
[provebench] poseidon_chain / circom-rapidsnark ...
[provebench]   witness 166.25 ms, prove 811.14 ms (p90 889.98), verify 17.48 ms, proof 256 B  [8880 ms]
[provebench] poseidon_chain / circom-snarkjs ...
[provebench]   witness 150.18 ms, prove 5584.27 ms (p90 6711.12), verify 20.02 ms, proof 256 B  [46056 ms]
[provebench] merkle20 / noir-ultrahonk ...
[provebench]   witness 478.77 ms, prove 2237.44 ms (p90 2796.57), verify 64.91 ms, proof 16256 B  [24107 ms]
[provebench] merkle20 / circom-rapidsnark ...
[provebench]   witness 67.93 ms, prove 151.7 ms (p90 254.49), verify 18.47 ms, proof 256 B  [2993 ms]
[provebench] merkle20 / circom-snarkjs ...
[provebench]   witness 66.18 ms, prove 1180.17 ms (p90 1409.27), verify 18.15 ms, proof 256 B  [11916 ms]
[provebench] sha256_1k / noir-ultrahonk ...
[provebench]   witness 97.15 ms, prove 3320.74 ms (p90 5411.62), verify 61.74 ms, proof 16256 B  [28357 ms]
[provebench] sha256_1k / circom-rapidsnark ...
[provebench]   FAILED: ./build/tools/rapidsnark-macOS-arm64-v0.0.8/bin/prover ./artifacts/circom/sha256_1k.zkey ./build/run/rapidsnark-sha256_1k/witness.wtns ./build/run/rapidsnark-sha256_1k/proof.json ./build/run/rapidsnark-sha256_1k/public.json failed:
[provebench] sha256_1k / circom-snarkjs ...
[provebench]   witness 2361.34 ms, prove 28580.42 ms (p90 37795.91), verify 14.4 ms, proof 256 B  [250894 ms]
[provebench] ecdsa_secp256k1 / noir-ultrahonk ...
[provebench]   witness 13.31 ms, prove 1625.29 ms (p90 1667.08), verify 62.22 ms, proof 16256 B  [14639 ms]
[provebench] cap_check / noir-ultrahonk ...
[provebench]   witness 4.95 ms, prove 292.77 ms (p90 326.24), verify 64.95 ms, proof 16256 B  [4281 ms]
[provebench] cap_check / circom-rapidsnark ...
[provebench]   witness 41.05 ms, prove 49.62 ms (p90 55.32), verify 17.69 ms, proof 256 B  [1356 ms]
[provebench] cap_check / circom-snarkjs ...
[provebench]   witness 28.52 ms, prove 362.57 ms (p90 420.7), verify 15.91 ms, proof 256 B  [4598 ms]
[provebench] poseidon2_chain / noir-ultrahonk ...
[provebench]   witness 11.06 ms, prove 361.52 ms (p90 388.45), verify 54.68 ms, proof 16256 B  [4119 ms]
[provebench] merkle20_poseidon2 / noir-ultrahonk ...
[provebench]   witness 7.65 ms, prove 297.06 ms (p90 427.62), verify 67.37 ms, proof 16256 B  [4024 ms]
[provebench] wrote results/macbook-air-m4-16gb.json and results/macbook-air-m4-16gb.md
