[provebench] machine macbook-air-m4-16gb, reps 7, load 3.99 5.69 4.96
[provebench] poseidon_chain / noir-ultrahonk ... (host busy 18.9% before cell)
[provebench]   witness 211 ms, prove 931.66 ms (p90 1053.55), verify 20.15 ms, proof 16256 B  [10307 ms]
[provebench] poseidon_chain / circom-rapidsnark ... (host busy 18.9% before cell)
[provebench]   witness 22.93 ms, prove 118.63 ms (p90 123.11), verify 4.62 ms, proof 256 B  [1642 ms]
[provebench] poseidon_chain / circom-snarkjs ... (host busy 17.2% before cell)
[provebench]   witness 22.66 ms, prove 831.08 ms (p90 861.63), verify 6.13 ms, proof 256 B  [7456 ms]
[provebench] merkle20 / noir-ultrahonk ... (host busy 21.5% before cell)
[provebench]   witness 87.2 ms, prove 459.61 ms (p90 479.47), verify 18.38 ms, proof 16256 B  [4902 ms]
[provebench] merkle20 / circom-rapidsnark ... (host busy 23.9% before cell)
[provebench]   witness 8.14 ms, prove 34.23 ms (p90 35.87), verify 4.37 ms, proof 256 B  [500 ms]
[provebench] merkle20 / circom-snarkjs ... (host busy 15.5% before cell)
[provebench]   witness 8.03 ms, prove 234.84 ms (p90 246.75), verify 5.22 ms, proof 256 B  [2329 ms]
[provebench] sha256_1k / noir-ultrahonk ... (host busy 30.5% before cell)
[provebench]   witness 24.42 ms, prove 686.38 ms (p90 696.83), verify 19.45 ms, proof 16256 B  [6247 ms]
[provebench] sha256_1k / circom-rapidsnark ... (host busy 13.3% before cell)
[provebench]   witness 759.67 ms, prove 572.98 ms (p90 584.84), verify 4.54 ms, proof 256 B  [11048 ms]
[provebench] sha256_1k / circom-snarkjs ... (host busy 27.3% before cell)
[provebench]   witness 755.6 ms, prove 6301.7 ms (p90 6890.5), verify 4.04 ms, proof 256 B  [56736 ms]
[provebench] ecdsa_secp256k1 / noir-ultrahonk ... (host busy 26.3% before cell)
[provebench]   witness 2.38 ms, prove 396.12 ms (p90 690.23), verify 19.42 ms, proof 16256 B  [4176 ms]
[provebench] cap_check / noir-ultrahonk ... (host busy 21.3% before cell)
[provebench]   witness 1.34 ms, prove 81.83 ms (p90 82.19), verify 18.81 ms, proof 16256 B  [1152 ms]
[provebench] cap_check / circom-rapidsnark ... (host busy 20.6% before cell)
[provebench]   witness 5.59 ms, prove 17.02 ms (p90 17.54), verify 4.19 ms, proof 256 B  [353 ms]
[provebench] cap_check / circom-snarkjs ... (host busy 24% before cell)
[provebench]   witness 5.64 ms, prove 97.12 ms (p90 99.03), verify 5.04 ms, proof 256 B  [1191 ms]
[provebench] poseidon2_chain / noir-ultrahonk ... (host busy 21.7% before cell)
[provebench]   witness 4.31 ms, prove 127.57 ms (p90 146.43), verify 19.21 ms, proof 16256 B  [1454 ms]
[provebench] merkle20_poseidon2 / noir-ultrahonk ... (host busy 17.1% before cell)
[provebench]   witness 2.69 ms, prove 92.75 ms (p90 93.28), verify 18.02 ms, proof 16256 B  [1223 ms]
[provebench] wrote results/macbook-air-m4-16gb.json and results/macbook-air-m4-16gb.md
