[provebench] machine macbook-air-m4-16gb, reps 7, load 9.03 13.72 20.57
[provebench] poseidon_chain / noir-ultrahonk ...
[provebench]   witness 474.72 ms, prove 2002.95 ms (p90 2054.42), verify 41.76 ms, proof 16256 B  [21268 ms]
[provebench] poseidon_chain / circom-rapidsnark ...
[provebench]   witness 45.14 ms, prove 296.13 ms (p90 312.97), verify 11.52 ms, proof 256 B  [3228 ms]
[provebench] poseidon_chain / circom-snarkjs ...
[provebench]   witness 52.09 ms, prove 1963.38 ms (p90 2018.75), verify 12.73 ms, proof 256 B  [17254 ms]
[provebench] merkle20 / noir-ultrahonk ...
[provebench]   witness 196.12 ms, prove 1018.88 ms (p90 1038.58), verify 43.13 ms, proof 16256 B  [10698 ms]
[provebench] merkle20 / circom-rapidsnark ...
[provebench]   witness 18.1 ms, prove 75.27 ms (p90 76.1), verify 9.71 ms, proof 256 B  [992 ms]
[provebench] merkle20 / circom-snarkjs ...
[provebench]   witness 19.01 ms, prove 514.74 ms (p90 530.13), verify 12.58 ms, proof 256 B  [4997 ms]
[provebench] sha256_1k / noir-ultrahonk ...
[provebench]   witness 65.87 ms, prove 1541.32 ms (p90 1608.71), verify 42.56 ms, proof 16256 B  [13973 ms]
[provebench] sha256_1k / circom-rapidsnark ...
[provebench]   witness 1471.47 ms, prove 1462.23 ms (p90 1623.83), verify 11.65 ms, proof 256 B  [24199 ms]
[provebench] sha256_1k / circom-snarkjs ...
[provebench]   witness 1506.34 ms, prove 12531.88 ms (p90 12737.93), verify 10.2 ms, proof 256 B  [112939 ms]
[provebench] ecdsa_secp256k1 / noir-ultrahonk ...
[provebench]   witness 5.26 ms, prove 861.7 ms (p90 903.26), verify 42.82 ms, proof 16256 B  [8017 ms]
[provebench] cap_check / noir-ultrahonk ...
[provebench]   witness 3.25 ms, prove 181.26 ms (p90 184.19), verify 37.3 ms, proof 16256 B  [2355 ms]
[provebench] cap_check / circom-rapidsnark ...
[provebench]   witness 12.95 ms, prove 35.07 ms (p90 37.33), verify 9.49 ms, proof 256 B  [643 ms]
[provebench] cap_check / circom-snarkjs ...
[provebench]   witness 13.51 ms, prove 226.64 ms (p90 248.83), verify 12.65 ms, proof 256 B  [2608 ms]
[provebench] poseidon2_chain / noir-ultrahonk ...
[provebench]   witness 10.62 ms, prove 304.43 ms (p90 329.17), verify 42.06 ms, proof 16256 B  [3379 ms]
[provebench] merkle20_poseidon2 / noir-ultrahonk ...
[provebench]   witness 5.62 ms, prove 229.87 ms (p90 239.45), verify 42.55 ms, proof 16256 B  [2791 ms]
[provebench] wrote results/macbook-air-m4-16gb.json and results/macbook-air-m4-16gb.md
